// Vitest Snapshot v1, https://vitest.dev/guide/snapshot.html

exports[`Card Component > renders correctly 1`] = `
<v-card
  class="mx-auto rounded-lg movie-card"
  data-v-c6c3362a=""
>
  <v-img
    class="align-end text-white"
    cover=""
    data-v-c6c3362a=""
  />
  <!--v-if-->
  <v-card-title
    class="text-sm card-title"
    data-v-c6c3362a=""
  >
     
  </v-card-title>
  <div
    class="genre mx-3 mb-3"
    data-v-c6c3362a=""
  >
    
    
  </div>
</v-card>
`;
